// Jest Snapshot v1, https://goo.gl/fbAQLP

exports[`Header snapshot 1`] = `
<DocumentFragment>
  <h1
    class="css-pm4pww-Header"
  >
    Bye
  </h1>
</DocumentFragment>
`;
